src/controllers/QuestionarioController.ts(159,57): error TS2769: No overload matches this call.
  Overload 1 of 3, '(entityLikeArray: DeepPartial<RespostaQuestionario>[]): RespostaQuestionario[]', gave the following error.
    Object literal may only specify known properties, and 'questionario_id' does not exist in type 'DeepPartial<RespostaQuestionario>[]'.
  Overload 2 of 3, '(entityLike: DeepPartial<RespostaQuestionario>): RespostaQuestionario', gave the following error.
    Type 'string | null | undefined' is not assignable to type 'string | undefined'.
      Type 'null' is not assignable to type 'string | undefined'.
src/controllers/UsuarioController.ts(187,40): error TS2339: Property 'email' does not exist on type 'Usuario[]'.
